// Jest Snapshot v1, https://goo.gl/fbAQLP

exports[`renders stuff 1`] = `
<div
  className="MuiPaper-root MuiPaper-elevation MuiPaper-rounded MuiPaper-elevation1 MuiCard-root css-pwngrv-MuiPaper-root-MuiCard-root"
>
  <div
    className="MuiCardContent-root css-46bh2p-MuiCardContent-root"
  >
    <p
      className="MuiTypography-root MuiTypography-body1 css-a08tdl-MuiTypography-root"
    >
      IThinkThatsKirby
    </p>
  </div>
  <h1>
    PICTURE OF ME GOES HERE.jpeg
  </h1>
  <p
    className="MuiTypography-root MuiTypography-body1 css-132kt0e-MuiTypography-root"
  >
    I am really good at front end.
  </p>
  <div
    className="MuiCardActions-root MuiCardActions-spacing css-1t6e9jv-MuiCardActions-root"
  >
    <div
      className="MuiCardContent-root css-46bh2p-MuiCardContent-root"
    >
      <a
        className="MuiButton-root MuiButton-text MuiButton-textPrimary MuiButton-sizeSmall MuiButton-textSizeSmall MuiButtonBase-root  css-1knaqv7-MuiButtonBase-root-MuiButton-root"
        href="https://github.com/IThinkThatsKirby"
        onBlur={[Function]}
        onContextMenu={[Function]}
        onDragLeave={[Function]}
        onFocus={[Function]}
        onKeyDown={[Function]}
        onKeyUp={[Function]}
        onMouseDown={[Function]}
        onMouseLeave={[Function]}
        onMouseUp={[Function]}
        onTouchEnd={[Function]}
        onTouchMove={[Function]}
        onTouchStart={[Function]}
        tabIndex={0}
      >
        Visit my Git hub HERE
      </a>
    </div>
  </div>
</div>
`;
